2026-07-23 11:00:57,412 : INFO : root : Loading config.
2026-07-23 11:00:57,558 : INFO : ConfigProcessor : Config spec file cache created: C:\Users\ALEXAN~1\AppData\Local\Temp\config_spec.mpf_cache
2026-07-23 11:00:57,558 : INFO : YamlMultifileConfigLoader : Machine config file #1: config.yaml
2026-07-23 11:00:57,558 : INFO : ConfigProcessor : Loading config from file D:\computer\github\DGE_pinball_VGE\DGE_mpf_venv\Lib\site-packages\mpf\mpfconfig.yaml.
2026-07-23 11:00:57,597 : INFO : ConfigProcessor : Loading config: D:\computer\github\DGE_pinball_VGE\DGE_mpf_venv\Lib\site-packages\mpf\mpfconfig.yaml
2026-07-23 11:00:57,597 : INFO : ConfigProcessor : Loading config from file D:\computer\github\DGE_pinball_VGE\pinball_logic\config\config.yaml.
2026-07-23 11:00:57,604 : INFO : ConfigProcessor : Loading config: D:\computer\github\DGE_pinball_VGE\pinball_logic\config\config.yaml
2026-07-23 11:00:57,610 : INFO : ConfigProcessor : Loading config: D:\computer\github\DGE_pinball_VGE\pinball_logic\config\config_ball_devices.yaml
2026-07-23 11:00:57,615 : INFO : ConfigProcessor : Loading config: D:\computer\github\DGE_pinball_VGE\pinball_logic\config\config_coils.yaml
2026-07-23 11:00:57,621 : INFO : ConfigProcessor : Loading config: D:\computer\github\DGE_pinball_VGE\pinball_logic\config\config_switches.yaml
2026-07-23 11:00:57,622 : INFO : ConfigProcessor : Config file cache created: C:\Users\ALEXAN~1\AppData\Local\Temp\662722a076a6daf6d54205be555cfd29.mpf_cache
2026-07-23 11:00:57,799 : INFO : ConfigProcessor : Loading config from file D:\computer\github\DGE_pinball_VGE\DGE_mpf_venv\Lib\site-packages\mpf\modes\attract\config\attract.yaml.
2026-07-23 11:00:57,806 : INFO : ConfigProcessor : Loading config: D:\computer\github\DGE_pinball_VGE\DGE_mpf_venv\Lib\site-packages\mpf\modes\attract\config\attract.yaml
2026-07-23 11:00:57,806 : INFO : ConfigProcessor : Loading config from file D:\computer\github\DGE_pinball_VGE\pinball_logic\modes\attract\config\attract.yaml.
2026-07-23 11:00:57,816 : INFO : ConfigProcessor : Loading config: D:\computer\github\DGE_pinball_VGE\pinball_logic\modes\attract\config\attract.yaml
2026-07-23 11:00:57,816 : INFO : ConfigProcessor : Config file cache created: C:\Users\ALEXAN~1\AppData\Local\Temp\f5a0fc317271971eadc62d0d1e2c3834.mpf_cache
2026-07-23 11:00:57,816 : INFO : ConfigProcessor : Loading config from file D:\computer\github\DGE_pinball_VGE\DGE_mpf_venv\Lib\site-packages\mpf\modes\game\config\game.yaml.
2026-07-23 11:00:57,823 : INFO : ConfigProcessor : Loading config: D:\computer\github\DGE_pinball_VGE\DGE_mpf_venv\Lib\site-packages\mpf\modes\game\config\game.yaml
2026-07-23 11:00:57,823 : INFO : ConfigProcessor : Config file cache created: C:\Users\ALEXAN~1\AppData\Local\Temp\d5149b0733e6c9ca1e37d88011097629.mpf_cache
2026-07-23 11:00:57,823 : INFO : ConfigProcessor : Loading config from cache: C:\Users\ALEXAN~1\AppData\Local\Temp\f5a0fc317271971eadc62d0d1e2c3834.mpf_cache
2026-07-23 11:00:57,836 : INFO : ConfigProcessor : Loading config from file D:\computer\github\DGE_pinball_VGE\pinball_logic\modes\base\config\base.yaml.
2026-07-23 11:00:57,841 : INFO : ConfigProcessor : Loading config: D:\computer\github\DGE_pinball_VGE\pinball_logic\modes\base\config\base.yaml
2026-07-23 11:00:57,842 : INFO : ConfigProcessor : Config file cache created: C:\Users\ALEXAN~1\AppData\Local\Temp\4570665703fd7438aba97317603d2ee1.mpf_cache
2026-07-23 11:00:57,842 : INFO : Machine : Mission Pinball Framework Core Engine v0.80.0
2026-07-23 11:00:57,842 : INFO : Machine : Command line arguments: {'no_load_cache': False, 'create_config_cache': True, 'bcp': True, 'configfile': ['config.yaml'], 'force_assets_load': False, 'platform_integration_test': False, 'jsonlogging': False, 'logfile': 'logs\\2026-07-23-11-00-57-mpf-delthebombmakersPC.log', 'pause': False, 'production': False, 'text_ui': True, 'loglevel': 15, 'consoleloglevel': 20, 'force_platform': None, 'syslog_address': None, 'full_logfile_path': 'D:\\computer\\github\\DGE_pinball_VGE\\pinball_logic\\logs\\2026-07-23-11-00-57-mpf-delthebombmakersPC.log'}
2026-07-23 11:00:57,842 : INFO : Machine : MPF path: D:\computer\github\DGE_pinball_VGE\DGE_mpf_venv\Lib\site-packages\mpf
2026-07-23 11:00:57,842 : INFO : Machine : Machine path: D:\computer\github\DGE_pinball_VGE\pinball_logic
2026-07-23 11:00:57,842 : INFO : Machine : Platform: win32
2026-07-23 11:00:57,842 : INFO : Machine : Python executable location: D:\computer\github\DGE_pinball_VGE\DGE_mpf_venv\Scripts\python.exe
2026-07-23 11:00:57,842 : INFO : Machine : Python version: 3.14.6 (64-bit)
2026-07-23 11:00:57,843 : INFO : Machine : Initializing MPF...
2026-07-23 11:00:58,284 : INFO : EventManager : Event: ======'machine_var_credits_string'====== Args={'value': 'FREE PLAY', 'prev_value': None, 'change': True}
2026-07-23 11:00:58,295 : INFO : EventManager : Event: ======'machine_var_master_volume'====== Args={'value': 0.5, 'prev_value': None, 'change': True}
2026-07-23 11:00:58,295 : INFO : EventManager : Event: ======'machine_var_mpf_version'====== Args={'value': 'Mission Pinball Framework v0.80.0', 'prev_value': None, 'change': True}
2026-07-23 11:00:58,295 : INFO : EventManager : Event: ======'machine_var_mpf_extended_version'====== Args={'value': 'Mission Pinball Framework v0.80.0, Config version:6, Show version: 6, BCP version:1.1', 'prev_value': None, 'change': True}
2026-07-23 11:00:58,296 : INFO : EventManager : Event: ======'machine_var_python_version'====== Args={'value': '3.14.6', 'prev_value': None, 'change': True}
2026-07-23 11:00:58,343 : INFO : EventManager : Event: ======'machine_var_platform'====== Args={'value': 'Windows-11-10.0.26200-SP0', 'prev_value': None, 'change': True}
2026-07-23 11:00:58,343 : INFO : EventManager : Event: ======'machine_var_platform_system'====== Args={'value': 'Windows', 'prev_value': None, 'change': True}
2026-07-23 11:00:58,343 : INFO : EventManager : Event: ======'machine_var_platform_release'====== Args={'value': '11', 'prev_value': None, 'change': True}
2026-07-23 11:00:58,343 : INFO : EventManager : Event: ======'machine_var_platform_version'====== Args={'value': '10.0.26200', 'prev_value': None, 'change': True}
2026-07-23 11:00:58,343 : INFO : EventManager : Event: ======'machine_var_platform_machine'====== Args={'value': 'AMD64', 'prev_value': None, 'change': True}
2026-07-23 11:00:58,343 : INFO : EventManager : Event: ======'machine_var_log_file_path'====== Args={'value': 'D:\\computer\\github\\DGE_pinball_VGE\\pinball_logic\\logs\\2026-07-23-11-00-57-mpf-delthebombmakersPC.log', 'prev_value': None, 'change': True}
2026-07-23 11:00:58,343 : INFO : EventManager : Event: ======'init_phase_1'====== Args={}
2026-07-23 11:00:58,351 : INFO : EventManager : Event: ======'init_phase_2'====== Args={}
2026-07-23 11:00:58,352 : INFO : EventManager : Event: ======'bcp_connection_attempt'====== Args={'name': 'local_display', 'host': 'localhost', 'port': 5050}
2026-07-23 11:00:58,353 : INFO : BCPClientSocket : Connecting BCP to 'local_display' at localhost:5050...
2026-07-23 11:01:13,625 : INFO : Machine : Starting the main run loop with active modes: []
2026-07-23 11:01:13,625 : WARNING : Machine : Attract mode is not active, game will not be playable. Please check your attract mode configuration.
2026-07-23 11:01:13,625 : INFO : Machine : Shutting down...
2026-07-23 11:01:13,625 : INFO : EventManager : Event: ======'shutdown'====== Args={}
2026-07-23 11:01:14,640 : INFO : root : MPF run loop ended.
