2026-07-23 11:36:22,160 : INFO : root : Loading config.
2026-07-23 11:36:22,299 : INFO : ConfigProcessor : Config spec file cache created: C:\Users\ALEXAN~1\AppData\Local\Temp\config_spec.mpf_cache
2026-07-23 11:36:22,300 : INFO : YamlMultifileConfigLoader : Machine config file #1: config.yaml
2026-07-23 11:36:22,300 : WARNING : ConfigProcessor : Config file in cache changed: D:\computer\github\DGE_pinball_VGE\pinball_logic\config\config.yaml
2026-07-23 11:36:22,300 : INFO : ConfigProcessor : Loading config from file D:\computer\github\DGE_pinball_VGE\DGE_mpf_venv\Lib\site-packages\mpf\mpfconfig.yaml.
2026-07-23 11:36:22,331 : INFO : ConfigProcessor : Loading config: D:\computer\github\DGE_pinball_VGE\DGE_mpf_venv\Lib\site-packages\mpf\mpfconfig.yaml
2026-07-23 11:36:22,332 : INFO : ConfigProcessor : Loading config from file D:\computer\github\DGE_pinball_VGE\pinball_logic\config\config.yaml.
2026-07-23 11:36:22,333 : INFO : ConfigProcessor : Loading config: D:\computer\github\DGE_pinball_VGE\pinball_logic\config\config.yaml
2026-07-23 11:36:22,334 : INFO : ConfigProcessor : Loading config: D:\computer\github\DGE_pinball_VGE\pinball_logic\config\config_ball_devices.yaml
2026-07-23 11:36:22,335 : INFO : ConfigProcessor : Loading config: D:\computer\github\DGE_pinball_VGE\pinball_logic\config\config_coils.yaml
2026-07-23 11:36:22,337 : INFO : ConfigProcessor : Loading config: D:\computer\github\DGE_pinball_VGE\pinball_logic\config\config_switches.yaml
2026-07-23 11:36:22,338 : INFO : ConfigProcessor : Loading config: D:\computer\github\DGE_pinball_VGE\pinball_logic\config\config_flippers.yaml
2026-07-23 11:36:22,339 : INFO : ConfigProcessor : Config file cache created: C:\Users\ALEXAN~1\AppData\Local\Temp\662722a076a6daf6d54205be555cfd29.mpf_cache
2026-07-23 11:36:22,384 : INFO : ConfigProcessor : Loading config from cache: C:\Users\ALEXAN~1\AppData\Local\Temp\f5a0fc317271971eadc62d0d1e2c3834.mpf_cache
2026-07-23 11:36:22,385 : INFO : ConfigProcessor : Loading config from cache: C:\Users\ALEXAN~1\AppData\Local\Temp\d5149b0733e6c9ca1e37d88011097629.mpf_cache
2026-07-23 11:36:22,385 : INFO : ConfigProcessor : Loading config from cache: C:\Users\ALEXAN~1\AppData\Local\Temp\f5a0fc317271971eadc62d0d1e2c3834.mpf_cache
2026-07-23 11:36:22,385 : INFO : ConfigProcessor : Loading config from cache: C:\Users\ALEXAN~1\AppData\Local\Temp\4570665703fd7438aba97317603d2ee1.mpf_cache
2026-07-23 11:36:22,386 : INFO : Machine : Mission Pinball Framework Core Engine v0.80.0
2026-07-23 11:36:22,386 : INFO : Machine : Command line arguments: {'no_load_cache': False, 'create_config_cache': True, 'bcp': False, 'configfile': ['config.yaml'], 'force_assets_load': False, 'platform_integration_test': False, 'jsonlogging': False, 'logfile': 'logs\\2026-07-23-11-36-22-mpf-delthebombmakersPC.log', 'pause': False, 'production': False, 'text_ui': False, 'loglevel': 15, 'consoleloglevel': 20, 'force_platform': None, 'syslog_address': None, 'full_logfile_path': 'D:\\computer\\github\\DGE_pinball_VGE\\pinball_logic\\logs\\2026-07-23-11-36-22-mpf-delthebombmakersPC.log'}
2026-07-23 11:36:22,386 : INFO : Machine : MPF path: D:\computer\github\DGE_pinball_VGE\DGE_mpf_venv\Lib\site-packages\mpf
2026-07-23 11:36:22,386 : INFO : Machine : Machine path: D:\computer\github\DGE_pinball_VGE\pinball_logic
2026-07-23 11:36:22,386 : INFO : Machine : Platform: win32
2026-07-23 11:36:22,386 : INFO : Machine : Python executable location: D:\computer\github\DGE_pinball_VGE\DGE_mpf_venv\Scripts\python.exe
2026-07-23 11:36:22,386 : INFO : Machine : Python version: 3.14.6 (64-bit)
2026-07-23 11:36:22,388 : INFO : Machine : Initializing MPF...
2026-07-23 11:36:22,445 : INFO : EventManager : Event: ======'machine_var_credits_string'====== Args={'value': 'FREE PLAY', 'prev_value': None, 'change': True}
2026-07-23 11:36:22,456 : INFO : EventManager : Event: ======'machine_var_master_volume'====== Args={'value': 0.5, 'prev_value': None, 'change': True}
2026-07-23 11:36:22,457 : INFO : EventManager : Event: ======'machine_var_mpf_version'====== Args={'value': 'Mission Pinball Framework v0.80.0', 'prev_value': None, 'change': True}
2026-07-23 11:36:22,457 : INFO : EventManager : Event: ======'machine_var_mpf_extended_version'====== Args={'value': 'Mission Pinball Framework v0.80.0, Config version:6, Show version: 6, BCP version:1.1', 'prev_value': None, 'change': True}
2026-07-23 11:36:22,457 : INFO : EventManager : Event: ======'machine_var_python_version'====== Args={'value': '3.14.6', 'prev_value': None, 'change': True}
2026-07-23 11:36:22,509 : INFO : EventManager : Event: ======'machine_var_platform'====== Args={'value': 'Windows-11-10.0.26200-SP0', 'prev_value': None, 'change': True}
2026-07-23 11:36:22,510 : INFO : EventManager : Event: ======'machine_var_platform_system'====== Args={'value': 'Windows', 'prev_value': None, 'change': True}
2026-07-23 11:36:22,510 : INFO : EventManager : Event: ======'machine_var_platform_release'====== Args={'value': '11', 'prev_value': None, 'change': True}
2026-07-23 11:36:22,510 : INFO : EventManager : Event: ======'machine_var_platform_version'====== Args={'value': '10.0.26200', 'prev_value': None, 'change': True}
2026-07-23 11:36:22,510 : INFO : EventManager : Event: ======'machine_var_platform_machine'====== Args={'value': 'AMD64', 'prev_value': None, 'change': True}
2026-07-23 11:36:22,510 : INFO : EventManager : Event: ======'machine_var_log_file_path'====== Args={'value': 'D:\\computer\\github\\DGE_pinball_VGE\\pinball_logic\\logs\\2026-07-23-11-36-22-mpf-delthebombmakersPC.log', 'prev_value': None, 'change': True}
2026-07-23 11:36:22,510 : INFO : EventManager : Event: ======'init_phase_1'====== Args={}
2026-07-23 11:36:22,520 : INFO : EventManager : Event: ======'init_phase_2'====== Args={}
2026-07-23 11:36:22,521 : INFO : ball_device.bd_plunger : BCH: Initial count: 0
2026-07-23 11:36:22,521 : INFO : ball_device.bd_plunger : State: idle
2026-07-23 11:36:22,521 : INFO : ball_device.bd_trough : BCH: Initial count: 0
2026-07-23 11:36:22,521 : INFO : ball_device.bd_trough : State: idle
2026-07-23 11:36:22,526 : INFO : EventManager : Event: ======'init_phase_3'====== Args={}
2026-07-23 11:36:22,527 : INFO : EventManager : Event: ======'init_phase_4'====== Args={}
2026-07-23 11:36:22,527 : INFO : BallController : Initial balls found: 0
2026-07-23 11:36:22,528 : INFO : EventManager : Event: ======'machine_var_audits_switches_s_plunger_lane'====== Args={'value': 0, 'prev_value': None, 'change': True}
2026-07-23 11:36:22,528 : INFO : EventManager : Event: ======'machine_var_audits_switches_s_trough_1'====== Args={'value': 0, 'prev_value': None, 'change': True}
2026-07-23 11:36:22,528 : INFO : EventManager : Event: ======'machine_var_audits_switches_s_right_flipper'====== Args={'value': 0, 'prev_value': None, 'change': True}
2026-07-23 11:36:22,528 : INFO : EventManager : Event: ======'machine_var_audits_switches_s_left_flipper'====== Args={'value': 0, 'prev_value': None, 'change': True}
2026-07-23 11:36:22,528 : INFO : EventManager : Event: ======'machine_var_audits_switches_s_trough_2'====== Args={'value': 0, 'prev_value': None, 'change': True}
2026-07-23 11:36:22,528 : INFO : EventManager : Event: ======'machine_var_audits_switches_s_trough_3'====== Args={'value': 0, 'prev_value': None, 'change': True}
2026-07-23 11:36:22,528 : INFO : EventManager : Event: ======'machine_var_audits_events_game_started'====== Args={'value': 0, 'prev_value': None, 'change': True}
2026-07-23 11:36:22,528 : INFO : EventManager : Event: ======'machine_var_audits_events_game_ended'====== Args={'value': 0, 'prev_value': None, 'change': True}
2026-07-23 11:36:22,528 : INFO : EventManager : Event: ======'machine_var_audits_player_score'====== Args={'value': {'top': [], 'average': 0, 'total': 0}, 'prev_value': None, 'change': True}
2026-07-23 11:36:22,528 : INFO : EventManager : Event: ======'init_phase_5'====== Args={}
2026-07-23 11:36:22,528 : INFO : EventManager : Event: ======'init_done'====== Args={}
2026-07-23 11:36:22,529 : INFO : EventManager : Event: ======'machine_reset_phase_1'====== Args={}
2026-07-23 11:36:22,529 : INFO : EventManager : Event: ======'machine_reset_phase_2'====== Args={}
2026-07-23 11:36:22,529 : INFO : EventManager : Event: ======'machine_reset_phase_3'====== Args={}
2026-07-23 11:36:22,529 : INFO : EventManager : Event: ======'reset_complete'====== Args={}
2026-07-23 11:36:22,529 : INFO : EventManager : Event: ======'mode_attract_will_start'====== Args={}
2026-07-23 11:36:22,529 : INFO : Timer.attract_carousel_timer : Starting Timer.
2026-07-23 11:36:22,529 : INFO : EventManager : Event: ======'timer_attract_carousel_timer_started'====== Args={'ticks': 0, 'ticks_remaining': 1}
2026-07-23 11:36:22,529 : INFO : EventManager : Event: ======'timer_attract_carousel_timer_tick'====== Args={'ticks': 0, 'ticks_remaining': 1}
2026-07-23 11:36:22,529 : INFO : EventManager : Event: ======'mode_attract_starting'====== Args={}
2026-07-23 11:36:22,529 : INFO : Mode.attract : Started. Priority: 10
2026-07-23 11:36:22,529 : INFO : EventManager : Event: ======'modes_active_modes_changed'====== Args={}
2026-07-23 11:36:22,529 : INFO : EventManager : Event: ======'mode_attract_started'====== Args={}
2026-07-23 11:36:22,530 : INFO : EventManager : Event: ======'collecting_balls_complete'====== Args={}
2026-07-23 11:36:22,530 : INFO : EventManager : Event: ======'carousel_item_highlighted'====== Args={'carousel': 'attract', 'direction': None, 'item': 'title'}
2026-07-23 11:36:22,530 : INFO : EventManager : Event: ======'timer_attract_carousel_timer_tick'====== Args={'ticks': 0, 'ticks_remaining': 1}
2026-07-23 11:36:22,530 : INFO : Machine : Starting the main run loop with active modes: [<Mode.attract>]
2026-07-23 11:36:26,352 : INFO : Machine : Shutting down...
2026-07-23 11:36:26,352 : INFO : EventManager : Event: ======'shutdown'====== Args={}
2026-07-23 11:36:26,353 : INFO : root : MPF run loop ended.
